[     125ms] [LOG] [Fast Refresh] rebuilding @ http://localhost:3000/_next/static/chunks/0uvt_next_dist_0g804ps._.js:2431
[     283ms] [LOG] [Fast Refresh] done in 265ms @ http://localhost:3000/_next/static/chunks/0uvt_next_dist_0g804ps._.js:2431
[     492ms] [INFO] %cDownload the React DevTools for a better development experience: https://react.dev/link/react-devtools font-weight:bold @ http://localhost:3000/_next/static/chunks/0uvt_next_dist_0g804ps._.js:2431
[     624ms] [LOG] [HMR] connected @ http://localhost:3000/_next/static/chunks/0uvt_next_dist_0g804ps._.js:2431
[     942ms] [LOG] [Fast Refresh] rebuilding @ http://localhost:3000/_next/static/chunks/0uvt_next_dist_0g804ps._.js:2431
[    1020ms] [LOG] [Fast Refresh] done in 192ms @ http://localhost:3000/_next/static/chunks/0uvt_next_dist_0g804ps._.js:2431
[   54798ms] [LOG] [Fast Refresh] rebuilding @ http://localhost:3000/_next/static/chunks/0uvt_next_dist_0g804ps._.js:2431
[   55297ms] [LOG] [Fast Refresh] done in 604ms @ http://localhost:3000/_next/static/chunks/0uvt_next_dist_0g804ps._.js:2431
[   98683ms] [LOG] [Fast Refresh] rebuilding @ http://localhost:3000/_next/static/chunks/0uvt_next_dist_0g804ps._.js:2431
[   98888ms] [LOG] [Fast Refresh] done in 308ms @ http://localhost:3000/_next/static/chunks/0uvt_next_dist_0g804ps._.js:2431
[  100738ms] [LOG] [Fast Refresh] rebuilding @ http://localhost:3000/_next/static/chunks/0uvt_next_dist_0g804ps._.js:2431
[  100814ms] [LOG] [Fast Refresh] done in 193ms @ http://localhost:3000/_next/static/chunks/0uvt_next_dist_0g804ps._.js:2431
[  130269ms] [LOG] [Fast Refresh] rebuilding @ http://localhost:3000/_next/static/chunks/0uvt_next_dist_0g804ps._.js:2431
[  131854ms] [LOG] [Fast Refresh] done in 1687ms @ http://localhost:3000/_next/static/chunks/0uvt_next_dist_0g804ps._.js:2431
[  137011ms] [LOG] [Fast Refresh] rebuilding @ http://localhost:3000/_next/static/chunks/0uvt_next_dist_0g804ps._.js:2431
[  137527ms] [LOG] [Fast Refresh] done in 620ms @ http://localhost:3000/_next/static/chunks/0uvt_next_dist_0g804ps._.js:2431
[  150391ms] [LOG] [Fast Refresh] rebuilding @ http://localhost:3000/_next/static/chunks/0uvt_next_dist_0g804ps._.js:2431
[  150448ms] [LOG] [Fast Refresh] done in 165ms @ http://localhost:3000/_next/static/chunks/0uvt_next_dist_0g804ps._.js:2431
[  152072ms] [LOG] [Fast Refresh] rebuilding @ http://localhost:3000/_next/static/chunks/0uvt_next_dist_0g804ps._.js:2431
[  152107ms] [LOG] [Fast Refresh] done in 148ms @ http://localhost:3000/_next/static/chunks/0uvt_next_dist_0g804ps._.js:2431
[  154164ms] [LOG] [Fast Refresh] rebuilding @ http://localhost:3000/_next/static/chunks/0uvt_next_dist_0g804ps._.js:2431
[  154226ms] [LOG] [Fast Refresh] done in 168ms @ http://localhost:3000/_next/static/chunks/0uvt_next_dist_0g804ps._.js:2431
[  252786ms] [LOG] [Fast Refresh] rebuilding @ http://localhost:3000/_next/static/chunks/0uvt_next_dist_0g804ps._.js:2431
[  252797ms] [LOG] [Fast Refresh] done in 113ms @ http://localhost:3000/_next/static/chunks/0uvt_next_dist_0g804ps._.js:2431
[  255118ms] [LOG] [Fast Refresh] rebuilding @ http://localhost:3000/_next/static/chunks/0uvt_next_dist_0g804ps._.js:2431
[  255123ms] [LOG] [Fast Refresh] done in 121ms @ http://localhost:3000/_next/static/chunks/0uvt_next_dist_0g804ps._.js:2431
