[     125ms] [LOG] [Fast Refresh] rebuilding @ http://localhost:3000/_next/static/chunks/0uvt_next_dist_0g804ps._.js:2431
[     222ms] [LOG] [Fast Refresh] done in 199ms @ http://localhost:3000/_next/static/chunks/0uvt_next_dist_0g804ps._.js:2431
[     442ms] [INFO] %cDownload the React DevTools for a better development experience: https://react.dev/link/react-devtools font-weight:bold @ http://localhost:3000/_next/static/chunks/0uvt_next_dist_0g804ps._.js:2431
[     590ms] [LOG] [HMR] connected @ http://localhost:3000/_next/static/chunks/0uvt_next_dist_0g804ps._.js:2431
[  177078ms] [LOG] [Fast Refresh] rebuilding @ http://localhost:3000/_next/static/chunks/0uvt_next_dist_0g804ps._.js:2431
[  177836ms] [LOG] [Fast Refresh] done in 149ms @ http://localhost:3000/_next/static/chunks/0uvt_next_dist_0g804ps._.js:2431
[  177995ms] [LOG] [Fast Refresh] rebuilding @ http://localhost:3000/_next/static/chunks/0uvt_next_dist_0g804ps._.js:2431
[  178145ms] [LOG] [Fast Refresh] done in 271ms @ http://localhost:3000/_next/static/chunks/0uvt_next_dist_0g804ps._.js:2431
[  178260ms] [LOG] [Fast Refresh] rebuilding @ http://localhost:3000/_next/static/chunks/0uvt_next_dist_0g804ps._.js:2431
[  178337ms] [LOG] [Fast Refresh] done in 188ms @ http://localhost:3000/_next/static/chunks/0uvt_next_dist_0g804ps._.js:2431
[  178460ms] [LOG] [Fast Refresh] rebuilding @ http://localhost:3000/_next/static/chunks/0uvt_next_dist_0g804ps._.js:2431
[  178905ms] [LOG] [Fast Refresh] done in 560ms @ http://localhost:3000/_next/static/chunks/0uvt_next_dist_0g804ps._.js:2431
[  179602ms] [LOG] [Fast Refresh] rebuilding @ http://localhost:3000/_next/static/chunks/0uvt_next_dist_0g804ps._.js:2431
[  179680ms] [LOG] [Fast Refresh] done in 182ms @ http://localhost:3000/_next/static/chunks/0uvt_next_dist_0g804ps._.js:2431
[  179878ms] [LOG] [Fast Refresh] rebuilding @ http://localhost:3000/_next/static/chunks/0uvt_next_dist_0g804ps._.js:2431
[  179893ms] [LOG] [Fast Refresh] done in 119ms @ http://localhost:3000/_next/static/chunks/0uvt_next_dist_0g804ps._.js:2431
[  181245ms] [LOG] [Fast Refresh] rebuilding @ http://localhost:3000/_next/static/chunks/0uvt_next_dist_0g804ps._.js:2431
[  181914ms] [LOG] [Fast Refresh] done in 784ms @ http://localhost:3000/_next/static/chunks/0uvt_next_dist_0g804ps._.js:2431
[  182036ms] [LOG] [Fast Refresh] rebuilding @ http://localhost:3000/_next/static/chunks/0uvt_next_dist_0g804ps._.js:2431
[  182393ms] [LOG] [Fast Refresh] done in 470ms @ http://localhost:3000/_next/static/chunks/0uvt_next_dist_0g804ps._.js:2431
[  182519ms] [LOG] [Fast Refresh] rebuilding @ http://localhost:3000/_next/static/chunks/0uvt_next_dist_0g804ps._.js:2431
[  182895ms] [LOG] [Fast Refresh] done in 481ms @ http://localhost:3000/_next/static/chunks/0uvt_next_dist_0g804ps._.js:2431
[  183136ms] [LOG] [Fast Refresh] rebuilding @ http://localhost:3000/_next/static/chunks/0uvt_next_dist_0g804ps._.js:2431
[  183264ms] [LOG] [Fast Refresh] done in 233ms @ http://localhost:3000/_next/static/chunks/0uvt_next_dist_0g804ps._.js:2431
[  183811ms] [LOG] [Fast Refresh] rebuilding @ http://localhost:3000/_next/static/chunks/0uvt_next_dist_0g804ps._.js:2431
[  183958ms] [LOG] [Fast Refresh] done in 254ms @ http://localhost:3000/_next/static/chunks/0uvt_next_dist_0g804ps._.js:2431
[  200687ms] [LOG] [Fast Refresh] rebuilding @ http://localhost:3000/_next/static/chunks/0uvt_next_dist_0g804ps._.js:2431
[  201162ms] [LOG] [Fast Refresh] done in 190ms @ http://localhost:3000/_next/static/chunks/0uvt_next_dist_0g804ps._.js:2431
[  206201ms] [LOG] [Fast Refresh] rebuilding @ http://localhost:3000/_next/static/chunks/0uvt_next_dist_0g804ps._.js:2431
[  206808ms] [LOG] [Fast Refresh] done in 105ms @ http://localhost:3000/_next/static/chunks/0uvt_next_dist_0g804ps._.js:2431
[  206933ms] [LOG] [Fast Refresh] rebuilding @ http://localhost:3000/_next/static/chunks/0uvt_next_dist_0g804ps._.js:2431
[  207090ms] [LOG] [Fast Refresh] done in 268ms @ http://localhost:3000/_next/static/chunks/0uvt_next_dist_0g804ps._.js:2431
[  207215ms] [LOG] [Fast Refresh] rebuilding @ http://localhost:3000/_next/static/chunks/0uvt_next_dist_0g804ps._.js:2431
[  207319ms] [LOG] [Fast Refresh] done in 206ms @ http://localhost:3000/_next/static/chunks/0uvt_next_dist_0g804ps._.js:2431
[  207432ms] [LOG] [Fast Refresh] rebuilding @ http://localhost:3000/_next/static/chunks/0uvt_next_dist_0g804ps._.js:2431
[  207606ms] [LOG] [Fast Refresh] done in 284ms @ http://localhost:3000/_next/static/chunks/0uvt_next_dist_0g804ps._.js:2431
[  224723ms] [LOG] [HMR] connected @ http://localhost:3000/_next/static/chunks/0uvt_next_dist_0g804ps._.js:2431
